// Jest Snapshot v1, https://goo.gl/fbAQLP

exports[`pino-stackdriver adds severity to log entry 1`] = `
Array [
  "{\\"time\\":\\"2018-12-05T20:56:35.681Z\\",\\"hostname\\":\\"host\\",\\"level\\":50,\\"msg\\":\\"TestError: blah blah blah\\",\\"pid\\":1,\\"req\\":{\\"path\\":\\"/test\\"},\\"res\\":{\\"statusCode\\":500},\\"responseTime\\":116,\\"v\\":1,\\"severity\\":\\"ERROR\\"}",
  "{\\"time\\":\\"2018-12-05T20:56:31.245Z\\",\\"hostname\\":\\"host\\",\\"level\\":30,\\"msg\\":\\"A user forgot their password\\",\\"pid\\":1,\\"req\\":{\\"path\\":\\"/api/password-reset\\"},\\"res\\":{\\"statusCode\\":201},\\"responseTime\\":288,\\"v\\":1,\\"severity\\":\\"INFO\\"}",
  "{ Error => \`Lalala-la lalal-la Elmo's world!\` }",
]
`;

exports[`pino-stackdriver adds severity to log entry 2`] = `
Object {
  "hostname": "host",
  "level": 30,
  "msg": "A user forgot their password",
  "pid": 1,
  "req": Object {
    "path": "/api/password-reset",
  },
  "res": Object {
    "statusCode": 201,
  },
  "responseTime": 288,
  "severity": "INFO",
  "time": "2018-12-05T20:56:31.245Z",
  "v": 1,
}
`;
